// Jest Snapshot v1, https://goo.gl/fbAQLP

exports[`Loading it should render properly 1`] = `<div />`;
