// Jest Snapshot v1, https://goo.gl/fbAQLP

exports[`Portal styles should render with default styles 1`] = `
<div>
  child
</div>
`;
