// Jest Snapshot v1, https://goo.gl/fbAQLP

exports[`Ripple should render properly 1`] = `
<div>
  <canvas
    height="0"
    style="border-radius: inherit; height: 100%; left: 0px; position: absolute; top: 0px; width: 100%;"
    width="0"
  />
</div>
`;
